Microchip MPLAB XC8 Compiler V1.45 ()

Linker command line:

-W-3 --edf=C:\Program Files (x86)\Microchip\xc8\v1.45\dat\en_msgs.txt -cs \
  -h+dist/default/production\RobotSpider.X.production.sym \
  --cmf=dist/default/production\RobotSpider.X.production.cmf -z -Q16F1518 \
  -oC:\Users\Marcelo\AppData\Local\Temp\sb5c.2 \
  -Mdist/default/production/RobotSpider.X.production.map -E1 -ver=XC8 \
  -ASTACK=02021h-023efh -pstack=STACK -ACODE=00h-07FFhx8 \
  -ASTRCODE=00h-03FFFh -ASTRING=00h-0FFhx64 -ACONST=00h-0FFhx64 \
  -AENTRY=00h-0FFhx64 -ACOMMON=070h-07Fh -ABANK0=020h-06Fh \
  -ABANK1=0A0h-0EFh -ABANK2=0120h-016Fh -ABANK3=01A0h-01EFh \
  -ABANK4=0220h-026Fh -ABANK5=02A0h-02EFh -ABANK6=0320h-036Fh \
  -ABANK7=03A0h-03EFh -ABANK8=0420h-046Fh -ABANK9=04A0h-04EFh \
  -ABANK10=0520h-056Fh -ABANK11=05A0h-05EFh -ABANK12=0620h-064Fh \
  -ABIGRAM=02000h-023EFh \
  -ARAM=020h-06Fh,0A0h-0EFh,0120h-016Fh,01A0h-01EFh,0220h-026Fh,02A0h-02EFh,0320h-036Fh,03A0h-03EFh,0420h-046Fh,04A0h-04EFh,0520h-056Fh,05A0h-05EFh,0620h-064Fh \
  -AABS1=020h-07Fh,0A0h-0EFh,0120h-016Fh,01A0h-01EFh,0220h-026Fh,02A0h-02EFh,0320h-036Fh,03A0h-03EFh,0420h-046Fh,04A0h-04EFh,0520h-056Fh,05A0h-05EFh,0620h-064Fh \
  -ASFR0=00h-01Fh -ASFR1=080h-09Fh -ASFR2=0100h-011Fh -ASFR3=0180h-019Fh \
  -ASFR4=0200h-021Fh -ASFR5=0280h-029Fh -ASFR6=0300h-031Fh \
  -ASFR7=0380h-039Fh -ASFR8=0400h-041Fh -ASFR9=0480h-049Fh \
  -ASFR10=0500h-051Fh -ASFR11=0580h-059Fh -ASFR12=0600h-061Fh \
  -ASFR13=0680h-06EFh -ASFR14=0700h-076Fh -ASFR15=0780h-07EFh \
  -ASFR16=0800h-086Fh -ASFR17=0880h-08EFh -ASFR18=0900h-096Fh \
  -ASFR19=0980h-09EFh -ASFR20=0A00h-0A6Fh -ASFR21=0A80h-0AEFh \
  -ASFR22=0B00h-0B6Fh -ASFR23=0B80h-0BEFh -ASFR24=0C00h-0C6Fh \
  -ASFR25=0C80h-0CEFh -ASFR26=0D00h-0D6Fh -ASFR27=0D80h-0DEFh \
  -ASFR28=0E00h-0E6Fh -ASFR29=0E80h-0EEFh -ASFR30=0F00h-0F6Fh \
  -ASFR31=0F80h-0FEFh -preset_vec=00h,intentry,init,end_init -ppowerup=CODE \
  -pcinit=CODE -pfunctab=ENTRY -ACONFIG=08007h-08008h -pconfig=CONFIG \
  -DCONFIG=2 -AIDLOC=08000h-08003h -pidloc=IDLOC -DIDLOC=2 -DCODE=2 \
  -DSTRCODE=2 -DSTRING=2 -DCONST=2 -DENTRY=2 -k \
  C:\Users\Marcelo\AppData\Local\Temp\sb5c.obj \
  dist/default/production\RobotSpider.X.production.obj 

Object code version is 3.11

Machine type is 16F1518



                Name                               Link     Load   Length Selector   Space Scale
C:\Users\Marcelo\AppData\Local\Temp\sb5c.obj
                end_init                              2        2        2        0       0
                reset_vec                             0        0        2        0       0
                config                             8007     8007        1    1000E       0
dist/default/production\RobotSpider.X.production.obj
                cinit                               7F2      7F2        E      FE4       0
                text17                              503      503       13      A06       0
                text16                              4DA      4DA        A      9B4       0
                text15                              4E4      4E4        E      9C8       0
                text14                              4CA      4CA        8      994       0
                text13                              4F2      4F2       11      9E4       0
                text12                              4B3      4B3        5      966       0
                text11                              4B8      4B8        5      970       0
                text10                              4C3      4C3        7      986       0
                text9                               567      567       2C      ACE       0
                text8                               52A      52A       19      A54       0
                text7                               621      621       51      C42       0
                text6                               73B      73B       B7      E76       0
                text5                               516      516       14      A2C       0
                text4                               593      593       45      B26       0
                text3                               543      543       24      A86       0
                text2                               5D8      5D8       49      BB0       0
                text1                               672      672       60      CE4       0
                maintext                            6D2      6D2       69      DA4       0
                cstackBANK0                          20       20       19       20       1
                cstackCOMMON                         70       70        E       70       1
                inittext                            4BD      4BD        6      97A       0
                dataBANK0                            39       39        8       20       1
                stringtext5                         ADF      ADF        2     1000       0
                stringtext4                         ADA      ADA        5     1000       0
                stringtext3                         AA8      AA8       32     1000       0
                stringtext2                         A74      A74       34     1000       0
                stringtext1                         800      800      274     1000       0
                idataBANK0                          4D2      4D2        8      9A4       0

TOTAL           Name                               Link     Load   Length     Space
        CLASS   STACK          

        CLASS   CODE           
                end_init                              2        2        2         0
                cinit                               7F2      7F2        E         0
                reset_vec                             0        0        2         0
                text17                              503      503       13         0
                text16                              4DA      4DA        A         0
                text15                              4E4      4E4        E         0
                text14                              4CA      4CA        8         0
                text13                              4F2      4F2       11         0
                text12                              4B3      4B3        5         0
                text11                              4B8      4B8        5         0
                text10                              4C3      4C3        7         0
                text9                               567      567       2C         0
                text8                               52A      52A       19         0
                text7                               621      621       51         0
                text6                               73B      73B       B7         0
                text5                               516      516       14         0
                text4                               593      593       45         0
                text3                               543      543       24         0
                text2                               5D8      5D8       49         0
                text1                               672      672       60         0
                maintext                            6D2      6D2       69         0
                inittext                            4BD      4BD        6         0
                idataBANK0                          4D2      4D2        8         0

        CLASS   STRCODE        
                stringtext5                         ADF      ADF        2         0
                stringtext4                         ADA      ADA        5         0
                stringtext3                         AA8      AA8       32         0
                stringtext2                         A74      A74       34         0
                stringtext1                         800      800      274         0

        CLASS   STRING         

        CLASS   CONST          

        CLASS   ENTRY          

        CLASS   COMMON         
                cstackCOMMON                         70       70        E         1

        CLASS   BANK0          
                cstackBANK0                          20       20       19         1
                dataBANK0                            39       39        8         1

        CLASS   BANK1          

        CLASS   BANK2          

        CLASS   BANK3          

        CLASS   BANK4          

        CLASS   BANK5          

        CLASS   BANK6          

        CLASS   BANK7          

        CLASS   BANK8          

        CLASS   BANK9          

        CLASS   BANK10         

        CLASS   BANK11         

        CLASS   BANK12         

        CLASS   BIGRAM         

        CLASS   RAM            

        CLASS   ABS1           
                abs_s1                               7E       7E        2         1

        CLASS   SFR0           

        CLASS   SFR1           

        CLASS   SFR2           

        CLASS   SFR3           

        CLASS   SFR4           

        CLASS   SFR5           

        CLASS   SFR6           

        CLASS   SFR7           

        CLASS   SFR8           

        CLASS   SFR9           

        CLASS   SFR10          

        CLASS   SFR11          

        CLASS   SFR12          

        CLASS   SFR13          

        CLASS   SFR14          

        CLASS   SFR15          

        CLASS   SFR16          

        CLASS   SFR17          

        CLASS   SFR18          

        CLASS   SFR19          

        CLASS   SFR20          

        CLASS   SFR21          

        CLASS   SFR22          

        CLASS   SFR23          

        CLASS   SFR24          

        CLASS   SFR25          

        CLASS   SFR26          

        CLASS   SFR27          

        CLASS   SFR28          

        CLASS   SFR29          

        CLASS   SFR30          

        CLASS   SFR31          

        CLASS   CONFIG         
                config                             8007     8007        1         0

        CLASS   IDLOC          

        CLASS   BANK31         

        CLASS   BANK30         

        CLASS   BANK29         

        CLASS   BANK28         

        CLASS   BANK27         

        CLASS   BANK26         

        CLASS   BANK25         

        CLASS   BANK24         

        CLASS   BANK23         

        CLASS   BANK22         

        CLASS   BANK21         

        CLASS   BANK20         

        CLASS   BANK19         

        CLASS   BANK18         

        CLASS   BANK17         

        CLASS   BANK16         

        CLASS   BANK15         

        CLASS   BANK14         

        CLASS   BANK13         

        CLASS   EEDATA         



SEGMENTS        Name                           Load    Length   Top    Selector   Space  Class     Delta

                reset_vec                      000000  000004  000004         0       0  CODE        2
                cstackBANK0                    000020  000021  000041        20       1  BANK0       1
                cstackCOMMON                   000070  00000E  00007E        70       1  COMMON      1
                text12                         0004B3  000005  0004B8       966       0  CODE        2
                text11                         0004B8  000005  0004BD       970       0  CODE        2
                inittext                       0004BD  000006  0004C3       97A       0  CODE        2
                text10                         0004C3  000007  0004CA       986       0  CODE        2
                text14                         0004CA  000008  0004D2       994       0  CODE        2
                idataBANK0                     0004D2  000008  0004DA       9A4       0  CODE        2
                text16                         0004DA  00000A  0004E4       9B4       0  CODE        2
                text15                         0004E4  00000E  0004F2       9C8       0  CODE        2
                text13                         0004F2  000011  000503       9E4       0  CODE        2
                text17                         000503  000013  000516       A06       0  CODE        2
                text5                          000516  000014  00052A       A2C       0  CODE        2
                text8                          00052A  000019  000543       A54       0  CODE        2
                text3                          000543  000024  000567       A86       0  CODE        2
                text9                          000567  00002C  000593       ACE       0  CODE        2
                text4                          000593  000045  0005D8       B26       0  CODE        2
                text2                          0005D8  000049  000621       BB0       0  CODE        2
                text7                          000621  000051  000672       C42       0  CODE        2
                text1                          000672  000060  0006D2       CE4       0  CODE        2
                maintext                       0006D2  000069  00073B       DA4       0  CODE        2
                text6                          00073B  0000B7  0007F2       E76       0  CODE        2
                cinit                          0007F2  00000E  000800       FE4       0  CODE        2
                stringtext1                    000800  0002E1  000AE1      1000       0  STRCODE     2
                config                         008007  000001  008008     1000E       0  CONFIG      2


UNUSED ADDRESS RANGES

        Name                Unused          Largest block    Delta
        BANK0            00041-0006F              2F           1
        BANK1            000A0-000EF              50           1
        BANK10           00520-0056F              50           1
        BANK11           005A0-005EF              50           1
        BANK12           00620-0064F              30           1
        BANK2            00120-0016F              50           1
        BANK3            001A0-001EF              50           1
        BANK4            00220-0026F              50           1
        BANK5            002A0-002EF              50           1
        BANK6            00320-0036F              50           1
        BANK7            003A0-003EF              50           1
        BANK8            00420-0046F              50           1
        BANK9            004A0-004EF              50           1
        BIGRAM           02000-023EF             3F0           1
        CODE             00004-004B2             4AF           2
                         00AE1-03FFF             800
        CONFIG           08008-08008               1           2
        CONST            00004-004B2             100           2
                         00AE1-03FFF             100
        ENTRY            00004-004B2             100           2
                         00AE1-03FFF             100
        IDLOC            08000-08003               4           2
        RAM              00041-0006F              2F           1
                         000A0-000EF              50
                         00120-0016F              50
                         001A0-001EF              50
                         00220-0026F              50
                         002A0-002EF              50
                         00320-0036F              50
                         003A0-003EF              50
                         00420-0046F              50
                         004A0-004EF              50
                         00520-0056F              50
                         005A0-005EF              50
                         00620-0064F              30
        SFR0             00000-0001F              20           1
        SFR1             00080-0009F              20           1
        SFR10            00500-0051F              20           1
        SFR11            00580-0059F              20           1
        SFR12            00600-0061F              20           1
        SFR13            00680-006EF              70           1
        SFR14            00700-0076F              70           1
        SFR15            00780-007EF              70           1
        SFR16            00800-0086F              70           1
        SFR17            00880-008EF              70           1
        SFR18            00900-0096F              70           1
        SFR19            00980-009EF              70           1
        SFR2             00100-0011F              20           1
        SFR20            00A00-00A6F              70           1
        SFR21            00A80-00AEF              70           1
        SFR22            00B00-00B6F              70           1
        SFR23            00B80-00BEF              70           1
        SFR24            00C00-00C6F              70           1
        SFR25            00C80-00CEF              70           1
        SFR26            00D00-00D6F              70           1
        SFR27            00D80-00DEF              70           1
        SFR28            00E00-00E6F              70           1
        SFR29            00E80-00EEF              70           1
        SFR3             00180-0019F              20           1
        SFR30            00F00-00F6F              70           1
        SFR31            00F80-00FEF              70           1
        SFR4             00200-0021F              20           1
        SFR5             00280-0029F              20           1
        SFR6             00300-0031F              20           1
        SFR7             00380-0039F              20           1
        SFR8             00400-0041F              20           1
        SFR9             00480-0049F              20           1
        STACK            02021-023EF             3CF           1
        STRCODE          00004-004B2             4AF           2
                         00AE1-03FFF            351F
        STRING           00004-004B2             100           2
                         00AE1-03FFF             100

                                  Symbol Table

?_ADC_Read                   cstackCOMMON 00070
?___awdiv                    cstackCOMMON 00070
?___awmod                    cstackCOMMON 00070
?_strlen                     cstackCOMMON 00070
I2C_Master_Read@device       cstackCOMMON 00072
I2C_Master_Read@temp         cstackCOMMON 00073
I2C_Master_Write@d           cstackCOMMON 00071
MPU6050_Read@Sensor          cstackCOMMON 0007C
UART_send_char@bt            cstackCOMMON 00070
UART_send_string@st_pt       cstackCOMMON 00071
_ACKDT                       (abs)        010B5
_ACKEN                       (abs)        010B4
_ADCON0                      (abs)        0009D
_ADCON1                      (abs)        0009E
_ADC_Read                    text17       00503
_ADRESH                      (abs)        0009C
_ADRESL                      (abs)        0009B
_ANSELA                      (abs)        0018C
_ANSELAbits                  (abs)        0018C
_ANSELC                      (abs)        0018E
_BRGH                        (abs)        00CF2
_CREN                        (abs)        00CEC
_GO_nDONE                    (abs)        004E9
_I2C_Master_Init             text16       004DA
_I2C_Master_Read             text8        0052A
_I2C_Master_Start            text12       004B3
_I2C_Master_Stop             text11       004B8
_I2C_Master_Wait             text13       004F2
_I2C_Master_Write            text10       004C3
_Initialize_UART             text15       004E4
_LATB                        (abs)        0010D
_MPU6050_Init                text9        00567
_MPU6050_Read                text6        0073B
_OERR                        (abs)        00CE9
_OSCCONbits                  (abs)        00099
_PEN                         (abs)        010B2
_PORTAbits                   (abs)        0000C
_PORTCbits                   (abs)        0000E
_RCEN                        (abs)        010B3
_RCIF                        (abs)        0008D
_RCREG                       (abs)        00199
_RSEN                        (abs)        010B1
_RX9                         (abs)        00CEE
_SEN                         (abs)        010B0
_SPBRG                       (abs)        0019B
_SPEN                        (abs)        00CEF
_SSPADD                      (abs)        00212
_SSPBUF                      (abs)        00211
_SSPCON1                     (abs)        00215
_SSPCON2                     (abs)        00216
_SSPSTAT                     (abs)        00214
_SYNC                        (abs)        00CF4
_TRISA0                      (abs)        00460
_TRISA1                      (abs)        00461
_TRISA6                      (abs)        00466
_TRISB                       (abs)        0008D
_TRISC                       (abs)        0008E
_TRISC3                      (abs)        00473
_TRISC4                      (abs)        00474
_TRISC6                      (abs)        00476
_TRISC7                      (abs)        00477
_TX9                         (abs)        00CF6
_TXEN                        (abs)        00CF5
_TXIF                        (abs)        0008C
_TXREG                       (abs)        0019A
_UART_send_char              text14       004CA
_UART_send_string            text5        00516
__CFG_CLKOUTEN$ON            (abs)        00000
__CFG_FOSC$INTOSC            (abs)        00000
__Habs1                      abs1         00000
__Hbank0                     bank0        00000
__Hbank1                     bank1        00000
__Hbank10                    bank10       00000
__Hbank11                    bank11       00000
__Hbank12                    bank12       00000
__Hbank13                    bank13       00000
__Hbank14                    bank14       00000
__Hbank15                    bank15       00000
__Hbank16                    bank16       00000
__Hbank17                    bank17       00000
__Hbank18                    bank18       00000
__Hbank19                    bank19       00000
__Hbank2                     bank2        00000
__Hbank20                    bank20       00000
__Hbank21                    bank21       00000
__Hbank22                    bank22       00000
__Hbank23                    bank23       00000
__Hbank24                    bank24       00000
__Hbank25                    bank25       00000
__Hbank26                    bank26       00000
__Hbank27                    bank27       00000
__Hbank28                    bank28       00000
__Hbank29                    bank29       00000
__Hbank3                     bank3        00000
__Hbank30                    bank30       00000
__Hbank31                    bank31       00000
__Hbank4                     bank4        00000
__Hbank5                     bank5        00000
__Hbank6                     bank6        00000
__Hbank7                     bank7        00000
__Hbank8                     bank8        00000
__Hbank9                     bank9        00000
__Hbigram                    bigram       00000
__Hcinit                     cinit        00800
__Hclrtext                   clrtext      00000
__Hcode                      code         00000
__Hcommon                    common       00000
__Hconfig                    config       08008
__HcstackBANK0               cstackBANK0  00000
__HcstackCOMMON              cstackCOMMON 00000
__HdataBANK0                 dataBANK0    00000
__Heeprom_data               eeprom_data  00000
__Hend_init                  end_init     00004
__Hfunctab                   functab      00000
__HidataBANK0                idataBANK0   00000
__Hidloc                     idloc        00000
__Hinit                      init         00002
__Hinittext                  inittext     00000
__Hintentry                  intentry     00002
__Hmaintext                  maintext     00000
__Hpowerup                   powerup      00000
__Hram                       ram          00000
__Hreset_vec                 reset_vec    00002
__Hsfr0                      sfr0         00000
__Hsfr1                      sfr1         00000
__Hsfr10                     sfr10        00000
__Hsfr11                     sfr11        00000
__Hsfr12                     sfr12        00000
__Hsfr13                     sfr13        00000
__Hsfr14                     sfr14        00000
__Hsfr15                     sfr15        00000
__Hsfr16                     sfr16        00000
__Hsfr17                     sfr17        00000
__Hsfr18                     sfr18        00000
__Hsfr19                     sfr19        00000
__Hsfr2                      sfr2         00000
__Hsfr20                     sfr20        00000
__Hsfr21                     sfr21        00000
__Hsfr22                     sfr22        00000
__Hsfr23                     sfr23        00000
__Hsfr24                     sfr24        00000
__Hsfr25                     sfr25        00000
__Hsfr26                     sfr26        00000
__Hsfr27                     sfr27        00000
__Hsfr28                     sfr28        00000
__Hsfr29                     sfr29        00000
__Hsfr3                      sfr3         00000
__Hsfr30                     sfr30        00000
__Hsfr31                     sfr31        00000
__Hsfr4                      sfr4         00000
__Hsfr5                      sfr5         00000
__Hsfr6                      sfr6         00000
__Hsfr7                      sfr7         00000
__Hsfr8                      sfr8         00000
__Hsfr9                      sfr9         00000
__Hspace_0                   (abs)        08008
__Hspace_1                   (abs)        0007E
__Hspace_2                   (abs)        00000
__Hspace_3                   (abs)        00000
__Hstack                     stack        00000
__Hstrings                   strings      00000
__Hstringtext1               stringtext1  00000
__Hstringtext2               stringtext2  00000
__Hstringtext3               stringtext3  00000
__Hstringtext4               stringtext4  00000
__Hstringtext5               stringtext5  00000
__Hstringtext6               stringtext6  00000
__Htext                      text         00000
__Labs1                      abs1         00000
__Lbank0                     bank0        00000
__Lbank1                     bank1        00000
__Lbank10                    bank10       00000
__Lbank11                    bank11       00000
__Lbank12                    bank12       00000
__Lbank13                    bank13       00000
__Lbank14                    bank14       00000
__Lbank15                    bank15       00000
__Lbank16                    bank16       00000
__Lbank17                    bank17       00000
__Lbank18                    bank18       00000
__Lbank19                    bank19       00000
__Lbank2                     bank2        00000
__Lbank20                    bank20       00000
__Lbank21                    bank21       00000
__Lbank22                    bank22       00000
__Lbank23                    bank23       00000
__Lbank24                    bank24       00000
__Lbank25                    bank25       00000
__Lbank26                    bank26       00000
__Lbank27                    bank27       00000
__Lbank28                    bank28       00000
__Lbank29                    bank29       00000
__Lbank3                     bank3        00000
__Lbank30                    bank30       00000
__Lbank31                    bank31       00000
__Lbank4                     bank4        00000
__Lbank5                     bank5        00000
__Lbank6                     bank6        00000
__Lbank7                     bank7        00000
__Lbank8                     bank8        00000
__Lbank9                     bank9        00000
__Lbigram                    bigram       00000
__Lcinit                     cinit        007F2
__Lclrtext                   clrtext      00000
__Lcode                      code         00000
__Lcommon                    common       00000
__Lconfig                    config       08007
__LcstackBANK0               cstackBANK0  00000
__LcstackCOMMON              cstackCOMMON 00000
__LdataBANK0                 dataBANK0    00000
__Leeprom_data               eeprom_data  00000
__Lend_init                  end_init     00002
__Lfunctab                   functab      00000
__LidataBANK0                idataBANK0   00000
__Lidloc                     idloc        00000
__Linit                      init         00002
__Linittext                  inittext     00000
__Lintentry                  intentry     00002
__Lmaintext                  maintext     00000
__Lpowerup                   powerup      00000
__Lram                       ram          00000
__Lreset_vec                 reset_vec    00000
__Lsfr0                      sfr0         00000
__Lsfr1                      sfr1         00000
__Lsfr10                     sfr10        00000
__Lsfr11                     sfr11        00000
__Lsfr12                     sfr12        00000
__Lsfr13                     sfr13        00000
__Lsfr14                     sfr14        00000
__Lsfr15                     sfr15        00000
__Lsfr16                     sfr16        00000
__Lsfr17                     sfr17        00000
__Lsfr18                     sfr18        00000
__Lsfr19                     sfr19        00000
__Lsfr2                      sfr2         00000
__Lsfr20                     sfr20        00000
__Lsfr21                     sfr21        00000
__Lsfr22                     sfr22        00000
__Lsfr23                     sfr23        00000
__Lsfr24                     sfr24        00000
__Lsfr25                     sfr25        00000
__Lsfr26                     sfr26        00000
__Lsfr27                     sfr27        00000
__Lsfr28                     sfr28        00000
__Lsfr29                     sfr29        00000
__Lsfr3                      sfr3         00000
__Lsfr30                     sfr30        00000
__Lsfr31                     sfr31        00000
__Lsfr4                      sfr4         00000
__Lsfr5                      sfr5         00000
__Lsfr6                      sfr6         00000
__Lsfr7                      sfr7         00000
__Lsfr8                      sfr8         00000
__Lsfr9                      sfr9         00000
__Lspace_0                   (abs)        00000
__Lspace_1                   (abs)        00000
__Lspace_2                   (abs)        00000
__Lspace_3                   (abs)        00000
__Lstack                     stack        00000
__Lstrings                   strings      00000
__Lstringtext1               stringtext1  00000
__Lstringtext2               stringtext2  00000
__Lstringtext3               stringtext3  00000
__Lstringtext4               stringtext4  00000
__Lstringtext5               stringtext5  00000
__Lstringtext6               stringtext6  00000
__Ltext                      text         00000
__S0                         (abs)        08008
__S1                         (abs)        0007E
__S2                         (abs)        00000
___awdiv                     text7        00621
___awdiv@counter             cstackCOMMON 00075
___awdiv@dividend            cstackCOMMON 00072
___awdiv@divisor             cstackCOMMON 00070
___awdiv@quotient            cstackCOMMON 00077
___awdiv@sign                cstackCOMMON 00076
___awmod                     text4        00593
___awmod@counter             cstackCOMMON 00075
___awmod@dividend            cstackCOMMON 00072
___awmod@divisor             cstackCOMMON 00070
___awmod@sign                cstackCOMMON 00076
___int_sp                    stack        00000
___latbits                   (abs)        00003
___sp                        stack        00000
__end_of_ADC_Read            text17       00516
__end_of_I2C_Master_Init     text16       004E4
__end_of_I2C_Master_Read     text8        00543
__end_of_I2C_Master_Start    text12       004B8
__end_of_I2C_Master_Stop     text11       004BD
__end_of_I2C_Master_Wait     text13       00503
__end_of_I2C_Master_Write    text10       004CA
__end_of_Initialize_UART     text15       004F2
__end_of_MPU6050_Init        text9        00593
__end_of_MPU6050_Read        text6        007F2
__end_of_UART_send_char      text14       004D2
__end_of_UART_send_string    text5        0052A
__end_of___awdiv             text7        00672
__end_of___awmod             text4        005D8
__end_of__initialization     cinit        007FD
__end_of_itoa1               text1        006D2
__end_of_main                maintext     0073B
__end_of_ov7670_default_regs stringtext1  00A74
__end_of_qvga_ov7670         stringtext3  00AD0
__end_of_reverse             text2        00621
__end_of_strlen              text3        00567
__end_of_yuv422_ov7670       stringtext2  00AA8
__initialization             cinit        007F2
__pcstackBANK0               cstackBANK0  00020
__pcstackCOMMON              cstackCOMMON 00070
__pdataBANK0                 dataBANK0    00039
__pidataBANK0                idataBANK0   004D2
__pmaintext                  maintext     006D2
__pstringtext1               stringtext1  00800
__pstringtext2               stringtext2  00A74
__pstringtext3               stringtext3  00AA8
__pstringtext4               stringtext4  00ADA
__pstringtext5               stringtext5  00ADF
__pstringtext6               stringtext6  00000
__ptext1                     text1        00672
__ptext10                    text10       004C3
__ptext11                    text11       004B8
__ptext12                    text12       004B3
__ptext13                    text13       004F2
__ptext14                    text14       004CA
__ptext15                    text15       004E4
__ptext16                    text16       004DA
__ptext17                    text17       00503
__ptext2                     text2        005D8
__ptext3                     text3        00543
__ptext4                     text4        00593
__ptext5                     text5        00516
__ptext6                     text6        0073B
__ptext7                     text7        00621
__ptext8                     text8        0052A
__ptext9                     text9        00567
__size_of_ADC_Read           (abs)        00000
__size_of_I2C_Master_Init    (abs)        00000
__size_of_I2C_Master_Read    (abs)        00000
__size_of_I2C_Master_Start   (abs)        00000
__size_of_I2C_Master_Stop    (abs)        00000
__size_of_I2C_Master_Wait    (abs)        00000
__size_of_I2C_Master_Write   (abs)        00000
__size_of_Initialize_UART    (abs)        00000
__size_of_MPU6050_Init       (abs)        00000
__size_of_MPU6050_Read       (abs)        00000
__size_of_UART_send_char     (abs)        00000
__size_of_UART_send_string   (abs)        00000
__size_of___awdiv            (abs)        00000
__size_of___awmod            (abs)        00000
__size_of_itoa1              (abs)        00000
__size_of_main               (abs)        00000
__size_of_reverse            (abs)        00000
__size_of_strlen             (abs)        00000
_itoa1                       text1        00672
_main                        maintext     006D2
_reverse                     text2        005D8
_strlen                      text3        00543
btemp                        (abs)        0007E
end_of_initialization        cinit        007FD
init_ram                     inittext     004BD
int2str@F2195                dataBANK0    00039
intlevel0                    functab      00000
intlevel1                    functab      00000
intlevel2                    functab      00000
intlevel3                    functab      00000
intlevel4                    functab      00000
intlevel5                    functab      00000
itoa1@i                      cstackBANK0  0002A
itoa1@n                      cstackCOMMON 0007B
itoa1@s                      cstackCOMMON 0007D
itoa1@sign                   cstackBANK0  00028
main@Sensor                  cstackBANK0  00038
main@buf                     cstackBANK0  0002E
reset_vec                    reset_vec    00000
reverse@c                    cstackBANK0  00020
reverse@i                    cstackBANK0  00021
reverse@j                    cstackBANK0  00023
reverse@s                    cstackBANK0  00025
stackhi                      (abs)        023EF
stacklo                      (abs)        02021
start                        init         00002
start_initialization         cinit        007F2
strlen@cp                    cstackCOMMON 00077
strlen@s                     cstackCOMMON 00076
wtemp0                       (abs)        0007E


FUNCTION INFORMATION:

 *************** function _main *****************
 Defined at:
		line 36 in file "main.c"
 Parameters:    Size  Location     Type
		None
 Auto vars:     Size  Location     Type
  buf            10   14[BANK0 ] unsigned char [10]
  Sensor          1   24[BANK0 ] PTR struct .
 Return value:  Size  Location     Type
                  2   54[None  ] int 
 Registers used:
		wreg, fsr0l, fsr0h, fsr1l, fsr1h, status,2, status,0, pclath, cstack
 Tracked objects:
		On entry : 
		On exit  : 
		Unchanged: 
 Data sizes:     COMMON   BANK0   BANK1   BANK2   BANK3   BANK4   BANK5   BANK6   BANK7   BANK8   BANK9  BANK10  BANK11  BANK12
      Params:         0       0       0       0       0       0       0       0       0       0       0       0       0       0
      Locals:         0      11       0       0       0       0       0       0       0       0       0       0       0       0
      Temps:          0       2       0       0       0       0       0       0       0       0       0       0       0       0
      Totals:         0      13       0       0       0       0       0       0       0       0       0       0       0       0
Total ram usage:       13 bytes
 Hardware stack levels required when called:    4
 This function calls:
		_ADC_Read
		_I2C_Master_Init
		_Initialize_UART
		_MPU6050_Init
		_MPU6050_Read
		_UART_send_char
		_UART_send_string
		_itoa1
 This function is called by:
		Startup code after reset
 This function uses a non-reentrant model


 *************** function _itoa1 *****************
 Defined at:
		line 113 in file "main.c"
 Parameters:    Size  Location     Type
  n               2   11[COMMON] int 
  s               1   13[COMMON] PTR unsigned char 
		 -> main@buf(10), 
 Auto vars:     Size  Location     Type
  i               2   10[BANK0 ] int 
  sign            2    8[BANK0 ] int 
 Return value:  Size  Location     Type
                  1    wreg      void 
 Registers used:
		wreg, fsr1l, fsr1h, status,2, status,0, pclath, cstack
 Tracked objects:
		On entry : 
		On exit  : 
		Unchanged: 
 Data sizes:     COMMON   BANK0   BANK1   BANK2   BANK3   BANK4   BANK5   BANK6   BANK7   BANK8   BANK9  BANK10  BANK11  BANK12
      Params:         3       0       0       0       0       0       0       0       0       0       0       0       0       0
      Locals:         0       4       0       0       0       0       0       0       0       0       0       0       0       0
      Temps:          0       2       0       0       0       0       0       0       0       0       0       0       0       0
      Totals:         3       6       0       0       0       0       0       0       0       0       0       0       0       0
Total ram usage:        9 bytes
 Hardware stack levels used:    1
 Hardware stack levels required when called:    2
 This function calls:
		___awdiv
		___awmod
		_reverse
 This function is called by:
		_main
 This function uses a non-reentrant model


 *************** function _reverse *****************
 Defined at:
		line 129 in file "main.c"
 Parameters:    Size  Location     Type
  s               1    wreg     PTR unsigned char 
		 -> main@buf(10), 
 Auto vars:     Size  Location     Type
  s               1    5[BANK0 ] PTR unsigned char 
		 -> main@buf(10), 
  j               2    3[BANK0 ] int 
  i               2    1[BANK0 ] int 
  c               1    0[BANK0 ] unsigned char 
 Return value:  Size  Location     Type
                  1    wreg      void 
 Registers used:
		wreg, fsr1l, fsr1h, status,2, status,0, pclath, cstack
 Tracked objects:
		On entry : 
		On exit  : 
		Unchanged: 
 Data sizes:     COMMON   BANK0   BANK1   BANK2   BANK3   BANK4   BANK5   BANK6   BANK7   BANK8   BANK9  BANK10  BANK11  BANK12
      Params:         0       0       0       0       0       0       0       0       0       0       0       0       0       0
      Locals:         0       6       0       0       0       0       0       0       0       0       0       0       0       0
      Temps:          3       0       0       0       0       0       0       0       0       0       0       0       0       0
      Totals:         3       6       0       0       0       0       0       0       0       0       0       0       0       0
Total ram usage:        9 bytes
 Hardware stack levels used:    1
 Hardware stack levels required when called:    1
 This function calls:
		_strlen
 This function is called by:
		_itoa1
 This function uses a non-reentrant model


 *************** function _strlen *****************
 Defined at:
		line 4 in file "C:\Program Files (x86)\Microchip\xc8\v1.45\sources\common\strlen.c"
 Parameters:    Size  Location     Type
  s               1    wreg     PTR const unsigned char 
		 -> main@buf(10), 
 Auto vars:     Size  Location     Type
  s               1    6[COMMON] PTR const unsigned char 
		 -> main@buf(10), 
  cp              1    7[COMMON] PTR const unsigned char 
		 -> main@buf(10), 
 Return value:  Size  Location     Type
                  2    0[COMMON] unsigned int 
 Registers used:
		wreg, fsr1l, fsr1h, status,2, status,0
 Tracked objects:
		On entry : 
		On exit  : 
		Unchanged: 
 Data sizes:     COMMON   BANK0   BANK1   BANK2   BANK3   BANK4   BANK5   BANK6   BANK7   BANK8   BANK9  BANK10  BANK11  BANK12
      Params:         2       0       0       0       0       0       0       0       0       0       0       0       0       0
      Locals:         2       0       0       0       0       0       0       0       0       0       0       0       0       0
      Temps:          4       0       0       0       0       0       0       0       0       0       0       0       0       0
      Totals:         8       0       0       0       0       0       0       0       0       0       0       0       0       0
Total ram usage:        8 bytes
 Hardware stack levels used:    1
 This function calls:
		Nothing
 This function is called by:
		_reverse
 This function uses a non-reentrant model


 *************** function ___awmod *****************
 Defined at:
		line 6 in file "C:\Program Files (x86)\Microchip\xc8\v1.45\sources\common\awmod.c"
 Parameters:    Size  Location     Type
  divisor         2    0[COMMON] int 
  dividend        2    2[COMMON] int 
 Auto vars:     Size  Location     Type
  sign            1    6[COMMON] unsigned char 
  counter         1    5[COMMON] unsigned char 
 Return value:  Size  Location     Type
                  2    0[COMMON] int 
 Registers used:
		wreg, status,2, status,0
 Tracked objects:
		On entry : 
		On exit  : 
		Unchanged: 
 Data sizes:     COMMON   BANK0   BANK1   BANK2   BANK3   BANK4   BANK5   BANK6   BANK7   BANK8   BANK9  BANK10  BANK11  BANK12
      Params:         4       0       0       0       0       0       0       0       0       0       0       0       0       0
      Locals:         2       0       0       0       0       0       0       0       0       0       0       0       0       0
      Temps:          1       0       0       0       0       0       0       0       0       0       0       0       0       0
      Totals:         7       0       0       0       0       0       0       0       0       0       0       0       0       0
Total ram usage:        7 bytes
 Hardware stack levels used:    1
 This function calls:
		Nothing
 This function is called by:
		_itoa1
 This function uses a non-reentrant model


 *************** function _UART_send_string *****************
 Defined at:
		line 66 in file "uart.c"
 Parameters:    Size  Location     Type
  st_pt           2    1[COMMON] PTR unsigned char 
		 -> STR_3(5), STR_2(2), STR_1(10), main@buf(10), 
 Auto vars:     Size  Location     Type
		None
 Return value:  Size  Location     Type
                  1    wreg      void 
 Registers used:
		wreg, fsr0l, fsr0h, status,2, status,0, pclath, cstack
 Tracked objects:
		On entry : 
		On exit  : 
		Unchanged: 
 Data sizes:     COMMON   BANK0   BANK1   BANK2   BANK3   BANK4   BANK5   BANK6   BANK7   BANK8   BANK9  BANK10  BANK11  BANK12
      Params:         2       0       0       0       0       0       0       0       0       0       0       0       0       0
      Locals:         0       0       0       0       0       0       0       0       0       0       0       0       0       0
      Temps:          1       0       0       0       0       0       0       0       0       0       0       0       0       0
      Totals:         3       0       0       0       0       0       0       0       0       0       0       0       0       0
Total ram usage:        3 bytes
 Hardware stack levels used:    1
 Hardware stack levels required when called:    1
 This function calls:
		_UART_send_char
 This function is called by:
		_main
 This function uses a non-reentrant model


 *************** function _MPU6050_Read *****************
 Defined at:
		line 22 in file "MPU6050.c"
 Parameters:    Size  Location     Type
  Sensor          1    wreg     PTR struct .
		 -> main@Sensor(1), 
 Auto vars:     Size  Location     Type
  Sensor          1   12[COMMON] PTR struct .
		 -> main@Sensor(1), 
 Return value:  Size  Location     Type
                  1    wreg      void 
 Registers used:
		wreg, fsr1l, fsr1h, status,2, status,0, pclath, cstack
 Tracked objects:
		On entry : 
		On exit  : 
		Unchanged: 
 Data sizes:     COMMON   BANK0   BANK1   BANK2   BANK3   BANK4   BANK5   BANK6   BANK7   BANK8   BANK9  BANK10  BANK11  BANK12
      Params:         0       0       0       0       0       0       0       0       0       0       0       0       0       0
      Locals:         1       0       0       0       0       0       0       0       0       0       0       0       0       0
      Temps:          3       0       0       0       0       0       0       0       0       0       0       0       0       0
      Totals:         4       0       0       0       0       0       0       0       0       0       0       0       0       0
Total ram usage:        4 bytes
 Hardware stack levels used:    1
 Hardware stack levels required when called:    3
 This function calls:
		_I2C_Master_Read
		_I2C_Master_Start
		_I2C_Master_Stop
		_I2C_Master_Write
		___awdiv
 This function is called by:
		_main
 This function uses a non-reentrant model


 *************** function ___awdiv *****************
 Defined at:
		line 6 in file "C:\Program Files (x86)\Microchip\xc8\v1.45\sources\common\awdiv.c"
 Parameters:    Size  Location     Type
  divisor         2    0[COMMON] int 
  dividend        2    2[COMMON] int 
 Auto vars:     Size  Location     Type
  quotient        2    7[COMMON] int 
  sign            1    6[COMMON] unsigned char 
  counter         1    5[COMMON] unsigned char 
 Return value:  Size  Location     Type
                  2    0[COMMON] int 
 Registers used:
		wreg, status,2, status,0
 Tracked objects:
		On entry : 
		On exit  : 
		Unchanged: 
 Data sizes:     COMMON   BANK0   BANK1   BANK2   BANK3   BANK4   BANK5   BANK6   BANK7   BANK8   BANK9  BANK10  BANK11  BANK12
      Params:         4       0       0       0       0       0       0       0       0       0       0       0       0       0
      Locals:         4       0       0       0       0       0       0       0       0       0       0       0       0       0
      Temps:          1       0       0       0       0       0       0       0       0       0       0       0       0       0
      Totals:         9       0       0       0       0       0       0       0       0       0       0       0       0       0
Total ram usage:        9 bytes
 Hardware stack levels used:    1
 This function calls:
		Nothing
 This function is called by:
		_itoa1
		_MPU6050_Read
 This function uses a non-reentrant model


 *************** function _I2C_Master_Read *****************
 Defined at:
		line 50 in file "i2c.c"
 Parameters:    Size  Location     Type
  device          1    wreg     unsigned char 
 Auto vars:     Size  Location     Type
  device          1    2[COMMON] unsigned char 
  temp            1    3[COMMON] unsigned char 
 Return value:  Size  Location     Type
                  1    wreg      unsigned char 
 Registers used:
		wreg, status,2, status,0, pclath, cstack
 Tracked objects:
		On entry : 
		On exit  : 
		Unchanged: 
 Data sizes:     COMMON   BANK0   BANK1   BANK2   BANK3   BANK4   BANK5   BANK6   BANK7   BANK8   BANK9  BANK10  BANK11  BANK12
      Params:         0       0       0       0       0       0       0       0       0       0       0       0       0       0
      Locals:         2       0       0       0       0       0       0       0       0       0       0       0       0       0
      Temps:          1       0       0       0       0       0       0       0       0       0       0       0       0       0
      Totals:         3       0       0       0       0       0       0       0       0       0       0       0       0       0
Total ram usage:        3 bytes
 Hardware stack levels used:    1
 Hardware stack levels required when called:    2
 This function calls:
		_I2C_Master_Wait
 This function is called by:
		_MPU6050_Read
		_regRead
 This function uses a non-reentrant model


 *************** function _MPU6050_Init *****************
 Defined at:
		line 5 in file "MPU6050.c"
 Parameters:    Size  Location     Type
		None
 Auto vars:     Size  Location     Type
		None
 Return value:  Size  Location     Type
                  1    wreg      void 
 Registers used:
		wreg, status,2, status,0, pclath, cstack
 Tracked objects:
		On entry : 
		On exit  : 
		Unchanged: 
 Data sizes:     COMMON   BANK0   BANK1   BANK2   BANK3   BANK4   BANK5   BANK6   BANK7   BANK8   BANK9  BANK10  BANK11  BANK12
      Params:         0       0       0       0       0       0       0       0       0       0       0       0       0       0
      Locals:         0       0       0       0       0       0       0       0       0       0       0       0       0       0
      Temps:          0       0       0       0       0       0       0       0       0       0       0       0       0       0
      Totals:         0       0       0       0       0       0       0       0       0       0       0       0       0       0
Total ram usage:        0 bytes
 Hardware stack levels used:    1
 Hardware stack levels required when called:    3
 This function calls:
		_I2C_Master_Start
		_I2C_Master_Stop
		_I2C_Master_Write
 This function is called by:
		_main
 This function uses a non-reentrant model


 *************** function _I2C_Master_Write *****************
 Defined at:
		line 45 in file "i2c.c"
 Parameters:    Size  Location     Type
  d               1    wreg     unsigned char 
 Auto vars:     Size  Location     Type
  d               1    1[COMMON] unsigned char 
 Return value:  Size  Location     Type
                  1    wreg      void 
 Registers used:
		wreg, status,2, status,0, pclath, cstack
 Tracked objects:
		On entry : 
		On exit  : 
		Unchanged: 
 Data sizes:     COMMON   BANK0   BANK1   BANK2   BANK3   BANK4   BANK5   BANK6   BANK7   BANK8   BANK9  BANK10  BANK11  BANK12
      Params:         0       0       0       0       0       0       0       0       0       0       0       0       0       0
      Locals:         1       0       0       0       0       0       0       0       0       0       0       0       0       0
      Temps:          0       0       0       0       0       0       0       0       0       0       0       0       0       0
      Totals:         1       0       0       0       0       0       0       0       0       0       0       0       0       0
Total ram usage:        1 bytes
 Hardware stack levels used:    1
 Hardware stack levels required when called:    2
 This function calls:
		_I2C_Master_Wait
 This function is called by:
		_MPU6050_Init
		_MPU6050_Read
		_regWrite
		_regRead
 This function uses a non-reentrant model


 *************** function _I2C_Master_Stop *****************
 Defined at:
		line 40 in file "i2c.c"
 Parameters:    Size  Location     Type
		None
 Auto vars:     Size  Location     Type
		None
 Return value:  Size  Location     Type
                  1    wreg      void 
 Registers used:
		wreg, status,2, status,0, pclath, cstack
 Tracked objects:
		On entry : 
		On exit  : 
		Unchanged: 
 Data sizes:     COMMON   BANK0   BANK1   BANK2   BANK3   BANK4   BANK5   BANK6   BANK7   BANK8   BANK9  BANK10  BANK11  BANK12
      Params:         0       0       0       0       0       0       0       0       0       0       0       0       0       0
      Locals:         0       0       0       0       0       0       0       0       0       0       0       0       0       0
      Temps:          0       0       0       0       0       0       0       0       0       0       0       0       0       0
      Totals:         0       0       0       0       0       0       0       0       0       0       0       0       0       0
Total ram usage:        0 bytes
 Hardware stack levels used:    1
 Hardware stack levels required when called:    2
 This function calls:
		_I2C_Master_Wait
 This function is called by:
		_MPU6050_Init
		_MPU6050_Read
		_regWrite
		_regRead
 This function uses a non-reentrant model


 *************** function _I2C_Master_Start *****************
 Defined at:
		line 30 in file "i2c.c"
 Parameters:    Size  Location     Type
		None
 Auto vars:     Size  Location     Type
		None
 Return value:  Size  Location     Type
                  1    wreg      void 
 Registers used:
		wreg, status,2, status,0, pclath, cstack
 Tracked objects:
		On entry : 
		On exit  : 
		Unchanged: 
 Data sizes:     COMMON   BANK0   BANK1   BANK2   BANK3   BANK4   BANK5   BANK6   BANK7   BANK8   BANK9  BANK10  BANK11  BANK12
      Params:         0       0       0       0       0       0       0       0       0       0       0       0       0       0
      Locals:         0       0       0       0       0       0       0       0       0       0       0       0       0       0
      Temps:          0       0       0       0       0       0       0       0       0       0       0       0       0       0
      Totals:         0       0       0       0       0       0       0       0       0       0       0       0       0       0
Total ram usage:        0 bytes
 Hardware stack levels used:    1
 Hardware stack levels required when called:    2
 This function calls:
		_I2C_Master_Wait
 This function is called by:
		_MPU6050_Init
		_MPU6050_Read
		_regRead
 This function uses a non-reentrant model


 *************** function _I2C_Master_Wait *****************
 Defined at:
		line 21 in file "i2c.c"
 Parameters:    Size  Location     Type
		None
 Auto vars:     Size  Location     Type
		None
 Return value:  Size  Location     Type
                  1    wreg      void 
 Registers used:
		wreg, status,2, status,0, pclath, cstack
 Tracked objects:
		On entry : 
		On exit  : 
		Unchanged: 
 Data sizes:     COMMON   BANK0   BANK1   BANK2   BANK3   BANK4   BANK5   BANK6   BANK7   BANK8   BANK9  BANK10  BANK11  BANK12
      Params:         0       0       0       0       0       0       0       0       0       0       0       0       0       0
      Locals:         0       0       0       0       0       0       0       0       0       0       0       0       0       0
      Temps:          0       0       0       0       0       0       0       0       0       0       0       0       0       0
      Totals:         0       0       0       0       0       0       0       0       0       0       0       0       0       0
Total ram usage:        0 bytes
 Hardware stack levels used:    1
 Hardware stack levels required when called:    1
 This function calls:
		_UART_send_char
 This function is called by:
		_I2C_Master_Start
		_I2C_Master_Stop
		_I2C_Master_Write
		_I2C_Master_Read
		_I2C_Master_Restart
 This function uses a non-reentrant model


 *************** function _UART_send_char *****************
 Defined at:
		line 39 in file "uart.c"
 Parameters:    Size  Location     Type
  bt              1    wreg     unsigned char 
 Auto vars:     Size  Location     Type
  bt              1    0[COMMON] unsigned char 
 Return value:  Size  Location     Type
                  1    wreg      void 
 Registers used:
		wreg
 Tracked objects:
		On entry : 
		On exit  : 
		Unchanged: 
 Data sizes:     COMMON   BANK0   BANK1   BANK2   BANK3   BANK4   BANK5   BANK6   BANK7   BANK8   BANK9  BANK10  BANK11  BANK12
      Params:         0       0       0       0       0       0       0       0       0       0       0       0       0       0
      Locals:         1       0       0       0       0       0       0       0       0       0       0       0       0       0
      Temps:          0       0       0       0       0       0       0       0       0       0       0       0       0       0
      Totals:         1       0       0       0       0       0       0       0       0       0       0       0       0       0
Total ram usage:        1 bytes
 Hardware stack levels used:    1
 This function calls:
		Nothing
 This function is called by:
		_main
		_I2C_Master_Wait
		_UART_send_string
		_captureImage
 This function uses a non-reentrant model


 *************** function _Initialize_UART *****************
 Defined at:
		line 6 in file "uart.c"
 Parameters:    Size  Location     Type
		None
 Auto vars:     Size  Location     Type
		None
 Return value:  Size  Location     Type
                  1    wreg      void 
 Registers used:
		wreg
 Tracked objects:
		On entry : 
		On exit  : 
		Unchanged: 
 Data sizes:     COMMON   BANK0   BANK1   BANK2   BANK3   BANK4   BANK5   BANK6   BANK7   BANK8   BANK9  BANK10  BANK11  BANK12
      Params:         0       0       0       0       0       0       0       0       0       0       0       0       0       0
      Locals:         0       0       0       0       0       0       0       0       0       0       0       0       0       0
      Temps:          0       0       0       0       0       0       0       0       0       0       0       0       0       0
      Totals:         0       0       0       0       0       0       0       0       0       0       0       0       0       0
Total ram usage:        0 bytes
 Hardware stack levels used:    1
 This function calls:
		Nothing
 This function is called by:
		_main
 This function uses a non-reentrant model


 *************** function _I2C_Master_Init *****************
 Defined at:
		line 12 in file "i2c.c"
 Parameters:    Size  Location     Type
		None
 Auto vars:     Size  Location     Type
		None
 Return value:  Size  Location     Type
                  1    wreg      void 
 Registers used:
		wreg, status,2
 Tracked objects:
		On entry : 
		On exit  : 
		Unchanged: 
 Data sizes:     COMMON   BANK0   BANK1   BANK2   BANK3   BANK4   BANK5   BANK6   BANK7   BANK8   BANK9  BANK10  BANK11  BANK12
      Params:         0       0       0       0       0       0       0       0       0       0       0       0       0       0
      Locals:         0       0       0       0       0       0       0       0       0       0       0       0       0       0
      Temps:          0       0       0       0       0       0       0       0       0       0       0       0       0       0
      Totals:         0       0       0       0       0       0       0       0       0       0       0       0       0       0
Total ram usage:        0 bytes
 Hardware stack levels used:    1
 This function calls:
		Nothing
 This function is called by:
		_main
 This function uses a non-reentrant model


 *************** function _ADC_Read *****************
 Defined at:
		line 14 in file "adc.c"
 Parameters:    Size  Location     Type
		None
 Auto vars:     Size  Location     Type
		None
 Return value:  Size  Location     Type
                  2    0[COMMON] int 
 Registers used:
		wreg
 Tracked objects:
		On entry : 
		On exit  : 
		Unchanged: 
 Data sizes:     COMMON   BANK0   BANK1   BANK2   BANK3   BANK4   BANK5   BANK6   BANK7   BANK8   BANK9  BANK10  BANK11  BANK12
      Params:         2       0       0       0       0       0       0       0       0       0       0       0       0       0
      Locals:         0       0       0       0       0       0       0       0       0       0       0       0       0       0
      Temps:          1       0       0       0       0       0       0       0       0       0       0       0       0       0
      Totals:         3       0       0       0       0       0       0       0       0       0       0       0       0       0
Total ram usage:        3 bytes
 Hardware stack levels used:    1
 This function calls:
		Nothing
 This function is called by:
		_main
 This function uses a non-reentrant model



MODULE INFORMATION

Module		Function		Class		Link	Load	Size
MPU6050.c
		_MPU6050_Read  		CODE           	073B	0000	184
		_MPU6050_Init  		CODE           	0567	0000	45

MPU6050.c estimated size: 229

uart.c
		_UART_send_string		CODE           	0516	0000	21
		_UART_send_char		CODE           	04CA	0000	9
		_Initialize_UART		CODE           	04E4	0000	15

uart.c estimated size: 45

i2c.c
		_I2C_Master_Read		CODE           	052A	0000	26
		_I2C_Master_Wait		CODE           	04F2	0000	18
		_I2C_Master_Init		CODE           	04DA	0000	11
		_I2C_Master_Stop		CODE           	04B8	0000	6
		_I2C_Master_Write		CODE           	04C3	0000	8
		_I2C_Master_Start		CODE           	04B3	0000	6

i2c.c estimated size: 75

C:\Program Files (x86)\Microchip\xc8\v1.45\sources\common\awmod.c
		___awmod       		CODE           	0593	0000	70

C:\Program Files (x86)\Microchip\xc8\v1.45\sources\common\awmod.c estimated size: 70

adc.c
		_ADC_Read      		CODE           	0503	0000	20

adc.c estimated size: 20

shared
		_qvga_ov7670   		STRCODE        	0000	0000	0
		__initialization		CODE           	07F2	0000	12
		_ov7670_default_regs		STRCODE        	0000	0000	0
		_yuv422_ov7670 		STRCODE        	0000	0000	0

shared estimated size: 12

C:\Program Files (x86)\Microchip\xc8\v1.45\sources\common\awdiv.c
		___awdiv       		CODE           	0621	0000	82

C:\Program Files (x86)\Microchip\xc8\v1.45\sources\common\awdiv.c estimated size: 82

main.c
		_itoa1         		CODE           	0672	0000	97
		_main          		CODE           	06D2	0000	106
		_reverse       		CODE           	05D8	0000	74

main.c estimated size: 277

C:\Program Files (x86)\Microchip\xc8\v1.45\sources\common\strlen.c
		_strlen        		CODE           	0543	0000	37

C:\Program Files (x86)\Microchip\xc8\v1.45\sources\common\strlen.c estimated size: 37

